sum(a.b.c) = 24
min(z) = 2.65
max(a.x) = 3.14
z.s
max(a.z)
z = 2.65
a.b.c = 15